# ================================================================================================
# EXPECTED TEST OUTPUT - DO NOT BLINDLY REGENERATE
# ================================================================================================
# This file defines the expected output for xrd-transform tests.
#
# ‚ö†Ô∏è  IMPORTANT: Only update this file when:
#   1. You've added NEW FEATURES that intentionally change output
#   2. You've FIXED BUGS where the old output was incorrect
#   3. You've MODIFIED TEMPLATES with a clear purpose
#
# üö´ DO NOT simply copy from output/ without understanding the changes!
#
# Before updating:
#   - Run: bash tests/xrd-transform/run-tests.sh
#   - Review ALL differences carefully
#   - Understand WHY each change occurred
#   - Ensure both Template AND API entities are present
#   - Document the reason in your commit message
#
# This header is validated by the test runner.
# ================================================================================================

apiVersion: scaffolder.backstage.io/v1beta3
kind: Template
metadata:
  name: managednamespaces-openportal-dev
  title: Managed Namespace
  description: Create and manage ManagedNamespace resources
  tags:
    - crossplane
    - openportal-dev
    - namespace
    - kubernetes
    - core
    - rbac
    - infrastructure
    - platform
  annotations:
    backstage.io/managed-by: xrd-transform
    backstage.io/managed-by-location: provider:XRDTemplateEntityProvider
    backstage.io/managed-by-origin-location: provider:XRDTemplateEntityProvider
    crossplane.io/xrd-name: managednamespaces.openportal.dev
    crossplane.io/xrd-group: openportal.dev
    backstage.io/techdocs-ref: url:https://github.com/open-service-portal/template-namespace
spec:
  owner: platform-team
  type: crossplane-resource
  parameters:
    - title: Resource Configuration
      required:
        - name
      properties:
        name:
          title: Name
          type: string
          description: Name of the ManagedNamespace
          pattern: ^[a-z0-9]([-a-z0-9]*[a-z0-9])?$
  steps:
    - id: workflow-info
      name: Direct Apply Workflow Information
      action: debug:log
      input:
        message: |
          ‚ö° This template uses direct apply workflow:

          1. Creates your ManagedNamespace resource immediately in the cluster
          2. Registers the resource in the Backstage catalog

          Your resource will be created as soon as you click Create.
      output:
        text:
          - title: ‚ö° Direct Apply Workflow
            content: >
              This template follows a **direct apply workflow** for immediate
              resource creation:


              **What happens when you click Create:**


              1. **Create Resource Immediately** üöÄ
                 - Your ManagedNamespace resource is created directly in the Kubernetes cluster
                 - No approval required - resource is active immediately
                 - Applied to cluster: `rancher-desktop`

              2. **Register in Catalog** üìù
                 - The resource is automatically registered in the Backstage software catalog
                 - You can track and manage it through Backstage

              **‚úÖ Important**: Your resource is **created immediately** without
              approval workflow.
    - id: create-resource
      name: Create ManagedNamespace
      action: kube:apply
      input:
        manifest: |
          apiVersion: openportal.dev/v1alpha1
          kind: ManagedNamespace
          metadata:
            name: ${{ parameters.name }}
          spec: ${{ parameters }}
        namespaced: false
      output:
        text:
          - title: Resource Details
            content: |
              **Resource Created Successfully!** ‚úÖ

              **Resource Information:**
              - **Name**: `$`
              - **Type**: ManagedNamespace
              - **API Version**: openportal.dev/v1alpha1
              - **Cluster**: rancher-desktop
              - **Scope**: Cluster-wide

              Your resource is now active in the cluster and ready to use.
    - id: register
      name: Register in Catalog
      action: catalog:register
      input:
        repoContentsUrl: ${{ steps.create-resource.output.repoContentsUrl }}
        catalogInfoPath: /catalog-info.yaml
      output:
        links:
          - title: View in Catalog
            icon: catalog
            url: ${{ steps['register'].output.entityRef }}
        text:
          - title: Catalog Registration
            content: >
              **Registered in Backstage Catalog** üìù


              Your ManagedNamespace resource has been added to the software
              catalog.

              You can now track, monitor, and manage it through Backstage.

---
apiVersion: backstage.io/v1alpha1
kind: API
metadata:
  name: managednamespaces-openportal-dev-api
  title: Managed Namespace API
  description: API specification for ManagedNamespace
  tags:
    - crossplane
    - ingestor
    - openportal-dev
  annotations:
    backstage.io/managed-by: xrd-transform
    backstage.io/managed-by-location: provider:XRDTemplateEntityProvider
    backstage.io/managed-by-origin-location: provider:XRDTemplateEntityProvider
    crossplane.io/xrd-name: managednamespaces.openportal.dev
spec:
  type: openapi
  lifecycle: experimental
  owner: platform-team
  definition: |
    openapi: 3.0.0
    info:
      title: ManagedNamespace API
      version: v1alpha1
      description: OpenAPI specification for ManagedNamespace
    paths:
      /managednamespaces:
        get:
          summary: List managednamespaces
          responses:
            '200':
              description: Success
        post:
          summary: Create ManagedNamespace
          requestBody:
            content:
              application/json:
                schema:
                  type: object
                  properties:
                    spec:
                      type: object
                      description: ManagedNamespace configuration
                      properties:
                        name:
                          type: string
                          description: "Name of the namespace to create"
                          pattern: ^[a-z0-9]([-a-z0-9]*[a-z0-9])?$
                          minLength: 1
                          maxLength: 63
                      required:
                        - name
                    status:
                      type: object
                      properties:
                        ready:
                          type: boolean
                          description: Whether the resource is ready
                        phase:
                          type: string
                          description: Current phase of the resource
                        message:
                          type: string
                          description: Status message
          responses:
            '201':
              description: Created

